
Unable to cast value to a decimal.
#0 C:\Users\andrl\OneDrive\Documentos\Projetos Pessoal\amemiya\vendor\laravel\framework\src\Illuminate\Database\Eloquent\Concerns\HasAttributes.php(852): Illuminate\Database\Eloquent\Model->asDecimal('0.05mm', '4')
#1 C:\Users\andrl\OneDrive\Documentos\Projetos Pessoal\amemiya\vendor\laravel\framework\src\Illuminate\Database\Eloquent\Concerns\HasAttributes.php(2350): Illuminate\Database\Eloquent\Model->castAttribute('mpe', '0.05mm')
#4 C:\Users\andrl\OneDrive\Documentos\Projetos Pessoal\amemiya\vendor\laravel\framework\src\Illuminate\Database\Eloquent\Model.php(2451): Illuminate\Database\Eloquent\Model->getAttribute('mpe')
#5 C:\Users\andrl\OneDrive\Documentos\Projetos Pessoal\amemiya\vendor\laravel\framework\src\Illuminate\Database\Eloquent\Model.php(2504): Illuminate\Database\Eloquent\Model->offsetExists('mpe')
#6 C:\Users\andrl\OneDrive\Documentos\Projetos Pessoal\amemiya\Modules\Metrology\app\Models\Instrument.php(106): Illuminate\Database\Eloquent\Model->__isset('mpe')
#7 C:\Users\andrl\OneDrive\Documentos\Projetos Pessoal\amemiya\Modules\Metrology\app\Models\Instrument.php(136): Modules\Metrology\Models\Instrument->getMpeValue()
#8 C:\Users\andrl\OneDrive\Documentos\Projetos Pessoal\amemiya\Modules\Metrology\app\Actions\ProcessCalibrationAction.php(31): Modules\Metrology\Models\Instrument->getMaximumPermissibleError()
#9 C:\Users\andrl\OneDrive\Documentos\Projetos Pessoal\amemiya\Modules\Metrology\app\Actions\ProcessCalibrationAction.php(20): Modules\Metrology\Actions\ProcessCalibrationAction->evaluateResult(Object(Modules\Metrology\Models\Calibration), Object(Modules\Metrology\Models\Instrument))
#10 C:\Users\andrl\OneDrive\Documentos\Projetos Pessoal\amemiya\Modules\Metrology\app\Listeners\ProcessCalibrationListener.php(28): Modules\Metrology\Actions\ProcessCalibrationAction->execute(Object(Modules\Metrology\Models\Calibration))
#11 C:\Users\andrl\OneDrive\Documentos\Projetos Pessoal\amemiya\vendor\laravel\framework\src\Illuminate\Events\Dispatcher.php(508): Modules\Metrology\Listeners\ProcessCalibrationListener->handle(Object(Modules\Metrology\Events\CalibrationSaved))
/re #13 C:\Users\andrl\OneDrive\Documentos\Projetos Pessoal\amemiya\vendor\laravel\framework\src\Illuminate\Events\Dispatcher.php(295): Illuminate\Events\Dispatcher->invokeListeners('Modules\\Metrolo...', Array, false)
#14 C:\Users\andrl\OneDrive\Documentos\Projetos Pessoal\amemiya\vendor\laravel\framework\src\Illuminate\Database\Eloquent\Concerns\HasEvents.php(242): Illuminate\Events\Dispatcher->dispatch(Object(Modules\Metrology\Events\CalibrationSaved))
#15 C:\Users\andrl\OneDrive\Documentos\Projetos Pessoal\amemiya\vendor\laravel\framework\src\Illuminate\Database\Eloquent\Concerns\HasEvents.php(217): Illuminate\Database\Eloquent\Model->fireCustomModelEvent('saved', 'dispatch')
#16 C:\Users\andrl\OneDrive\Documentos\Projetos Pessoal\amemiya\vendHeor\laravel\framework\src\Illuminate\Database\Eloquent\Model.php(1279): Illuminate\Database\Eloquent\Model->fireModelEvent('saved', false)
#17 C:\Users\andrl\OneDrive\Documentos\Projetos Pessoal\amemiya\vendor\laravel\framework\src\Illuminate\Database\Eloquent\Model.php(1252): Illuminate\Database\Eloquent\Model->finishSave(Array)
#18 C:\Users\andrl\OneDrive\Documentos\Projetos Pessoal\amemiya\vendor\laravel\framework\src\Illuminate\Database\Eloquent\Factories\Factory.php(370): Illuminate\Database\Eloquent\Model->save()
#19 C:\Users\andrl\OneDrive\Documentos\Projetos Pessoal\amemiya\vendor\laravel\framework\src\Illuminate\Collections\Traits\EnumeratesValues.php(271): Illuminate\Database\Eloquent\Factories\Factory->Illuminate\Database\Eloquent\Factories\{closure}(Object(Modules\Metrology\Models\Calibration), 0)
#20 C:\Users\andrl\OneDrive\Documentos\Projetos Pessoal\amemiya\vendor\laravel\framework\src\Illuminate\Database\Eloquent\Factories\Factory.php(365): Illuminate\Support\Collection->each(Object(Closure))
#21 C:\Users\andrl\OneDrive\Documentos\Projetos Pessoal\amemiya\vendor\laravel\framework\src\Illuminate\Database\Eloquent\Factories\Factory.php(321): Illuminate\Database\Eloquent\Factories\Factory->store(Object(Illuminate\Support\Collection))
#22 C:\Users\andrl\OneDrive\Documentos\Projetos Pessoal\amemiya\vendor\laravel\framework\src\Illuminate\Database\Eloquent\Factories\Factory.php(315): Illuminate\Database\Eloquent\Factories\Factory->create(Array, NULL)
#23 C:\Users\andrl\OneDrive\Documentos\Projetos Pessoal\amemiya\Modules\Metrology\tests\Feature\DebugMethodTest.php(22): Illuminate\Database\Eloquent\Factories\Factory->create(Array)
#24 C:\Users\andrl\OneDrive\Documentos\Projetos Pessoal\amemiya\vendor\phpunit\phpunit\src\Framework\TestCase.php(1656): Modules\Metrology\Tests\Feature\DebugMethodTest->it_can_call_process_calibration_result()
#25 C:\Users\andrl\OneDrive\Documentos\Projetos Pessoal\amemiya\vendor\phpunit\phpunit\src\Framework\TestCase.php(514): PHPUnit\Framework\TestCase->runTest()
#26 C:\Users\andrl\OneDrive\Documentos\Projetos Pessoal\amemiya\vendor\phpunit\phpunit\src\Framework\TestRunner\TestRunner.php(87): PHPUnit\Framework\TestCase->runBare()
#27 C:\Users\andrl\OneDrive\Documentos\Projetos Pessoal\amemiya\vendor\phpunit\phpunit\src\Framework\TestCase.php(361): PHPUnit\Framework\TestRunner->run(Object(Modules\Metrology\Tests\Feature\DebugMethodTest))
#28 C:\Users\andrl\OneDrive\Documentos\Projetos Pessoal\amemiya\vendor\phpunit\phpunit\src\Framework\TestSuite.php(369): PHPUnit\Framework\TestCase->run()
#29 C:\Users\andrl\OneDrive\Documentos\Projetos Pessoal\amemiya\vendor\phpunit\phpunit\src\TextUI\TestRunner.php(64): PHPUnit\Framework\TestSuite->run()
#30 C:\Users\andrl\OneDrive\Documentos\Projetos Pessoal\amemiya\vendor\phpunit\phpunit\src\TextUI\Application.php(211): PHPUnit\TextUI\TestRunner->run(Object(PHPUnit\TextUI\Configuration\Configuration), Object(PHPUnit\Runner\ResultCache\DefaultResultCache), Object(PHPUnit\Framework\TestSuite))
#31 C:\Users\andrl\OneDrive\Documentos\Projetos Pessoal\amemiya\vendor\pestphp\pest\src\Kernel.php(103): PHPUnit\TextUI\Application->run(Array)
#32 C:\Users\andrl\OneDrive\Documentos\Projetos Pessoal\amemiya\vendor\pestphp\pest\bin\pest(184): Pest\Kernel->handle(Array, Array)
#33 C:\Users\andrl\OneDrive\Documentos\Projetos Pessoal\amemiya\vendor\pestphp\pest\bin\pest(192): {closure}()
#34 {main}
